
> @anhui/app-web@0.0.0 build E:\AI\prompt-project\apps\app-web
> gtask appBuild --projectName=appWeb

vite build -m production
[36mvite v6.4.3 [32mbuilding for production...[36m[39m
transforming...
[32m✓[39m 3788 modules transformed.
pnpm : [31m✗[39m Build failed in 9.55s
At line:15 char:3247
+ ... e:\AI\prompt-project; pnpm --filter @anhui/app-web build 2>&1 | Tee-O ...
+                           ~~~~~~~~~~~~~~~~~~~~~~~~~~~~~~~~~~~~~~~
    + CategoryInfo          : NotSpecified: ([31m✗[39m Build failed in 9.55s:String) [], RemoteException
    + FullyQualifiedErrorId : NativeCommandError
 
[31merror during build:
[31mGiven name "app-web" is not a legal JS identifier. If you need this, you can try "output.extend: true".[31m
    at getRollupError (file:///E:/AI/prompt-project/node_modules/.pnpm/rollup@4.63.4/node_modules/rollup/dist/es/shared
/parseAst.js:319:41)
    at error (file:///E:/AI/prompt-project/node_modules/.pnpm/rollup@4.63.4/node_modules/rollup/dist/es/shared/parseAst
.js:315:42)
    at Object.iife (file:///E:/AI/prompt-project/node_modules/.pnpm/rollup@4.63.4/node_modules/rollup/dist/es/shared/no
de-entry.js:9072:16)
    at Chunk.render (file:///E:/AI/prompt-project/node_modules/.pnpm/rollup@4.63.4/node_modules/rollup/dist/es/shared/n
ode-entry.js:19313:27)
    at async Promise.all (index 0)
    at async renderChunks (file:///E:/AI/prompt-project/node_modules/.pnpm/rollup@4.63.4/node_modules/rollup/dist/es/sh
ared/node-entry.js:21092:28)
    at async Bundle.generate (file:///E:/AI/prompt-project/node_modules/.pnpm/rollup@4.63.4/node_modules/rollup/dist/es
/shared/node-entry.js:21356:13)
    at async file:///E:/AI/prompt-project/node_modules/.pnpm/rollup@4.63.4/node_modules/rollup/dist/es/shared/node-entr
y.js:24305:27
    at async catchUnfinishedHookActions (file:///E:/AI/prompt-project/node_modules/.pnpm/rollup@4.63.4/node_modules/rol
lup/dist/es/shared/node-entry.js:23670:16)
    at async buildEnvironment (file:///E:/AI/prompt-project/node_modules/.pnpm/vite@6.4.3_@types+node@26.6_142cdf9399c3
1b977cd59f3d3779dabb/node_modules/vite/dist/node/chunks/dep-Dm0c1Wj2.js:46371:16)[39m
Command failed: vite build -m production with exit code 1
E:\AI\prompt-project\apps\app-web:
 ERR_PNPM_RECURSIVE_RUN_FIRST_FAIL  @anhui/app-web@0.0.0 build: `gtask appBuild --projectName=appWeb`
Exit status 1
